Statement for BigCo
Amount owed is $1,600.00
You earned 47 credits
